[39minput[0m [36m<[0m[36m>[0m[37m:[0m [37m{[0m
	[39mfoo[0m [36m<[0m[36mC[0m[36m,[0m[36mW[0m[36m>[0m[37m:[0m [35m1[0m
	[39mbar[0m [36m<[0m[36mE[0m[36m,[0m[36mW[0m[36m>[0m[37m:[0m [35m2[0m
	[39mbaz[0m [36m<[0m[36mC[0m[36m,[0m[36mE[0m[36m,[0m[36mW[0m[36m>[0m[37m:[0m [35m3[0m
	get [39mqux[0m [36m<[0m[36mC[0m[36m>[0m[37m:[0m [1mFunction[0m [37m{[0m
		[39mlength[0m [36m<[0m[36mC[0m[36m>[0m[37m:[0m [35m0[0m
		[39mname[0m [36m<[0m[36mC[0m[36m>[0m[37m:[0m [32m"[32mget[32m"[0m
		
		[32mâ”‚[32m1[32mâ”‚[32m get(){ return 1; }[0m
	[37m}[0m
	set [39mqux[0m [36m<[0m[36mC[0m[36m>[0m[37m:[0m [1mFunction[0m [37m{[0m
		[39mlength[0m [36m<[0m[36mC[0m[36m>[0m[37m:[0m [35m0[0m
		[39mname[0m [36m<[0m[36mC[0m[36m>[0m[37m:[0m [32m"[32mset[32m"[0m
		
		[32mâ”‚[32m1[32mâ”‚[32m set(){}[0m
	[37m}[0m
	get [39mqul[0m [36m<[0m[36mC[0m[36m,[0m[36mE[0m[36m>[0m[37m:[0m [1mFunction[0m [37m{[0m
		[39mlength[0m [36m<[0m[36mC[0m[36m>[0m[37m:[0m [35m0[0m
		[39mname[0m [36m<[0m[36mC[0m[36m>[0m[37m:[0m [32m"[32mget[32m"[0m
		
		[32mâ”‚[32m1[32mâ”‚[32m get(){ return 1; }[0m
	[37m}[0m
	set [39mqul[0m [36m<[0m[36mC[0m[36m,[0m[36mE[0m[36m>[0m[37m:[0m [1mFunction[0m [37m{[0m
		[39mlength[0m [36m<[0m[36mC[0m[36m>[0m[37m:[0m [35m0[0m
		[39mname[0m [36m<[0m[36mC[0m[36m>[0m[37m:[0m [32m"[32mset[32m"[0m
		
		[32mâ”‚[32m1[32mâ”‚[32m set(){}[0m
	[37m}[0m
[37m}[0m