[39minput[0m [38;5;30m<[0m[38;5;30m>[0m[38;5;237m:[0m [38;5;237m{[0m
	[39mfoo[0m [38;5;30m<[0m[38;5;44mC[0m[38;5;30m,[0m[38;5;44mW[0m[38;5;30m>[0m[38;5;237m:[0m [35m1[0m
	[39mbar[0m [38;5;30m<[0m[38;5;44mE[0m[38;5;30m,[0m[38;5;44mW[0m[38;5;30m>[0m[38;5;237m:[0m [35m2[0m
	[39mbaz[0m [38;5;30m<[0m[38;5;44mC[0m[38;5;30m,[0m[38;5;44mE[0m[38;5;30m,[0m[38;5;44mW[0m[38;5;30m>[0m[38;5;237m:[0m [35m3[0m
	get [39mqux[0m [38;5;30m<[0m[38;5;44mC[0m[38;5;30m>[0m[38;5;237m:[0m [1mFunction[0m [38;5;237m{[0m
		[39mlength[0m [38;5;30m<[0m[38;5;44mC[0m[38;5;30m>[0m[38;5;237m:[0m [35m0[0m
		[39mname[0m [38;5;30m<[0m[38;5;44mC[0m[38;5;30m>[0m[38;5;237m:[0m [38;5;22m"[38;5;10mget[38;5;22m"[0m
		
		[38;5;22mâ”‚[38;5;10m1[38;5;22mâ”‚[38;5;22m get(){ return 1; }[0m
	[38;5;237m}[0m
	set [39mqux[0m [38;5;30m<[0m[38;5;44mC[0m[38;5;30m>[0m[38;5;237m:[0m [1mFunction[0m [38;5;237m{[0m
		[39mlength[0m [38;5;30m<[0m[38;5;44mC[0m[38;5;30m>[0m[38;5;237m:[0m [35m0[0m
		[39mname[0m [38;5;30m<[0m[38;5;44mC[0m[38;5;30m>[0m[38;5;237m:[0m [38;5;22m"[38;5;10mset[38;5;22m"[0m
		
		[38;5;22mâ”‚[38;5;10m1[38;5;22mâ”‚[38;5;22m set(){}[0m
	[38;5;237m}[0m
	get [39mqul[0m [38;5;30m<[0m[38;5;44mC[0m[38;5;30m,[0m[38;5;44mE[0m[38;5;30m>[0m[38;5;237m:[0m [1mFunction[0m [38;5;237m{[0m
		[39mlength[0m [38;5;30m<[0m[38;5;44mC[0m[38;5;30m>[0m[38;5;237m:[0m [35m0[0m
		[39mname[0m [38;5;30m<[0m[38;5;44mC[0m[38;5;30m>[0m[38;5;237m:[0m [38;5;22m"[38;5;10mget[38;5;22m"[0m
		
		[38;5;22mâ”‚[38;5;10m1[38;5;22mâ”‚[38;5;22m get(){ return 1; }[0m
	[38;5;237m}[0m
	set [39mqul[0m [38;5;30m<[0m[38;5;44mC[0m[38;5;30m,[0m[38;5;44mE[0m[38;5;30m>[0m[38;5;237m:[0m [1mFunction[0m [38;5;237m{[0m
		[39mlength[0m [38;5;30m<[0m[38;5;44mC[0m[38;5;30m>[0m[38;5;237m:[0m [35m0[0m
		[39mname[0m [38;5;30m<[0m[38;5;44mC[0m[38;5;30m>[0m[38;5;237m:[0m [38;5;22m"[38;5;10mset[38;5;22m"[0m
		
		[38;5;22mâ”‚[38;5;10m1[38;5;22mâ”‚[38;5;22m set(){}[0m
	[38;5;237m}[0m
[38;5;237m}[0m