[38;5;200minput[0m[38;5;237m:[0m [38;5;237m{[0m
	[38;5;200mfoo[0m[38;5;237m:[0m [38;5;22m"[38;5;10mBar[38;5;22m"[0m
	[38;5;200mbar[0m[38;5;237m:[0m [38;5;237m[[0m
		[38;5;237m{[0m[38;5;237m}[0m
	[38;5;237m][0m
	[38;5;200mbaz[0m[38;5;237m:[0m [38;5;9m->[0m [38;5;200m[38;5;200minput[0m[38;5;237m.[38;5;200m[38;5;200mbar[0m[38;5;237m[[0m[38;5;200m0[38;5;237m][0m[0m
	[38;5;200mqux[0m[38;5;237m:[0m [1mMap[0m [38;5;237m{[0m
		[38;5;200m0[38;5;237m.[38;5;200mkey [38;5;9m->[0m [38;5;200m[38;5;200minput[0m[38;5;237m.[38;5;200m[38;5;200mbar[0m
		[38;5;200m0[38;5;237m.[38;5;200mvalue [38;5;237m=>[0m [38;5;237m[[0m
			[38;5;237m{[0m
				[38;5;200mvalue[0m[38;5;237m:[0m [38;5;237m{[0m[38;5;237m}[0m
			[38;5;237m}[0m
		[38;5;237m][0m
		
		[38;5;200m1[38;5;237m.[38;5;200mkey [38;5;237m=>[0m [38;5;237m[[0m[38;5;237m][0m
		[38;5;200m1[38;5;237m.[38;5;200mvalue [38;5;9m->[0m [38;5;200m[38;5;200minput[0m[38;5;237m.[38;5;200m[38;5;200mqux[0m[38;5;237m[[0m[38;5;200m0[38;5;237m.[38;5;200mvalue[38;5;237m][0m
		
		[38;5;200m2[38;5;237m.[38;5;200mkey [38;5;237m=>[0m [38;5;237m{[0m[38;5;237m}[0m
		[38;5;200m2[38;5;237m.[38;5;200mvalue [38;5;9m->[0m [38;5;200m[38;5;200minput[0m[38;5;237m.[38;5;200m[38;5;200mqux[0m[38;5;237m[[0m[38;5;200m0[38;5;237m.[38;5;200mvalue[38;5;237m][0m[38;5;237m[[0m[38;5;200m0[38;5;237m][0m[0m
		
		[38;5;200m3[38;5;237m.[38;5;200mkey [38;5;237m=>[0m [38;5;237m{[0m[38;5;237m}[0m
		[38;5;200m3[38;5;237m.[38;5;200mvalue [38;5;9m->[0m [38;5;200m[38;5;200minput[0m[38;5;237m.[38;5;200m[38;5;200mqux[0m[38;5;237m[[0m[38;5;200m0[38;5;237m.[38;5;200mvalue[38;5;237m][0m[38;5;237m[[0m[38;5;200m0[38;5;237m][0m[0m[38;5;237m.[38;5;200m[38;5;200mvalue[0m
	[38;5;237m}[0m
[38;5;237m}[0m