[7minput[0m[27m:[0m [27m{[0m
	[7mfoo[0m[27m:[0m [38;5;16m"[38;5;11mBar[38;5;16m"[0m
	[7mbar[0m[27m:[0m [27m[[0m
		[27m{[0m[27m}[0m
	[27m][0m
	[7mbaz[0m[27m:[0m [38;5;9m->[0m [7m[7minput[0m[27m.[7m[7mbar[0m[27m[[0m[7m0[27m][0m[0m
	[7mqux[0m[27m:[0m [1mMap[0m [27m{[0m
		[7m0[27m.[7mkey [38;5;9m->[0m [7m[7minput[0m[27m.[7m[7mbar[0m
		[7m0[27m.[7mvalue [27m=>[0m [27m[[0m
			[27m{[0m
				[7mvalue[0m[27m:[0m [27m{[0m[27m}[0m
			[27m}[0m
		[27m][0m
		
		[7m1[27m.[7mkey [27m=>[0m [27m[[0m[27m][0m
		[7m1[27m.[7mvalue [38;5;9m->[0m [7m[7minput[0m[27m.[7m[7mqux[0m[27m[[0m[7m0[27m.[7mvalue[27m][0m
		
		[7m2[27m.[7mkey [27m=>[0m [27m{[0m[27m}[0m
		[7m2[27m.[7mvalue [38;5;9m->[0m [7m[7minput[0m[27m.[7m[7mqux[0m[27m[[0m[7m0[27m.[7mvalue[27m][0m[27m[[0m[7m0[27m][0m[0m
		
		[7m3[27m.[7mkey [27m=>[0m [27m{[0m[27m}[0m
		[7m3[27m.[7mvalue [38;5;9m->[0m [7m[7minput[0m[27m.[7m[7mqux[0m[27m[[0m[7m0[27m.[7mvalue[27m][0m[27m[[0m[7m0[27m][0m[0m[27m.[7m[7mvalue[0m
	[27m}[0m
[27m}[0m