[39minput[0m[38;5;237m:[0m [38;5;237m{[0m
	[39mfoo[0m[38;5;237m:[0m [38;5;16m"[38;5;11mBar[38;5;16m"[0m
	[39mbar[0m[38;5;237m:[0m [38;5;237m[[0m
		[38;5;237m{[0m[38;5;237m}[0m
	[38;5;237m][0m
	[39mbaz[0m[38;5;237m:[0m [38;5;9m->[0m [39m[39minput[0m[38;5;237m.[39m[39mbar[0m[38;5;237m[[0m[39m0[38;5;237m][0m[0m
	[39mqux[0m[38;5;237m:[0m [1mMap[0m [38;5;237m{[0m
		[39m0[38;5;237m.[39mkey [38;5;9m->[0m [39m[39minput[0m[38;5;237m.[39m[39mbar[0m
		[39m0[38;5;237m.[39mvalue [38;5;237m=>[0m [38;5;237m[[0m
			[38;5;237m{[0m
				[39mvalue[0m[38;5;237m:[0m [38;5;237m{[0m[38;5;237m}[0m
			[38;5;237m}[0m
		[38;5;237m][0m
		
		[39m1[38;5;237m.[39mkey [38;5;237m=>[0m [38;5;237m[[0m[38;5;237m][0m
		[39m1[38;5;237m.[39mvalue [38;5;9m->[0m [39m[39minput[0m[38;5;237m.[39m[39mqux[0m[38;5;237m[[0m[39m0[38;5;237m.[39mvalue[38;5;237m][0m
		
		[39m2[38;5;237m.[39mkey [38;5;237m=>[0m [38;5;237m{[0m[38;5;237m}[0m
		[39m2[38;5;237m.[39mvalue [38;5;9m->[0m [39m[39minput[0m[38;5;237m.[39m[39mqux[0m[38;5;237m[[0m[39m0[38;5;237m.[39mvalue[38;5;237m][0m[38;5;237m[[0m[39m0[38;5;237m][0m[0m
		
		[39m3[38;5;237m.[39mkey [38;5;237m=>[0m [38;5;237m{[0m[38;5;237m}[0m
		[39m3[38;5;237m.[39mvalue [38;5;9m->[0m [39m[39minput[0m[38;5;237m.[39m[39mqux[0m[38;5;237m[[0m[39m0[38;5;237m.[39mvalue[38;5;237m][0m[38;5;237m[[0m[39m0[38;5;237m][0m[0m[38;5;237m.[39m[39mvalue[0m
	[38;5;237m}[0m
[38;5;237m}[0m