[39mWorld's loneliest number[0m[37m:[0m [35m-0[0m