[39mWorld's loneliest number[0m[38;5;237m:[0m [35m-0[0m