[37m{[0m
	[39mfoo[0m[37m:[0m [35mNaN[0m
	[39mbar[0m[37m:[0m [37m[[0m
		[37m{[0m[37m}[0m
		[35m1[0m
		[37m[[0m[37m][0m
	[37m][0m
[37m}[0m