[39minput[0m[37m:[0m [37m{[0m
	[39mset[0m[37m:[0m [1mSet[0m [37m{[0m
		0 [37m=>[0m [37m{[0m
			[39mb[0m[37m:[0m [32m"[32mc[32m"[0m
		[37m}[0m
		1 [37m=>[0m [37m{[0m
			[39mbar[0m[37m:[0m [32m"[32mBaz[32m"[0m
		[37m}[0m
		
		[39m1[0m[37m:[0m [37m{[0m
			[39mnah[0m[37m:[0m [32m"[32mNope[32m"[0m
		[37m}[0m
		[39mfoo[0m[37m:[0m [31m->[0m [39m[39minput[0m[37m.[39m[39mset[0m[37m[[0m[39m1[37m][0m
		[39mbar[0m[37m:[0m [31m->[0m [39m[39minput[0m[37m.[39m[39mset[0m[37m.[39m[39m1[0m
	[37m}[0m
	[39mmap[0m[37m:[0m [1mMap[0m [37m{[0m
		[39m0[37m.[39mkey [37m=>[0m [32m"[32mA[32m"[0m
		[39m0[37m.[39mvalue [37m=>[0m [37m{[0m[37m}[0m
		
		[39m1[37m.[39mkey [37m=>[0m [32m"[32mB[32m"[0m
		[39m1[37m.[39mvalue [37m=>[0m [37m{[0m[37m}[0m
		
		[39m0[0m[37m:[0m [37m{[0m
			[39mvalue[0m[37m:[0m [37m{[0m
				[39mabc[0m[37m:[0m [32m"[32mXYZ[32m"[0m
			[37m}[0m
		[37m}[0m
		[39m0.value[0m[37m:[0m [37m{[0m
			[39mvalue[0m[37m:[0m [37m{[0m[37m}[0m
		[37m}[0m
		[39mfoo1[0m[37m:[0m [31m->[0m [39m[39minput[0m[37m.[39m[39mmap[0m[37m[[0m[39m0[37m.[39mvalue[37m][0m
		[39mfoo2[0m[37m:[0m [31m->[0m [39m[39minput[0m[37m.[39m[39mmap[0m[37m.[39m[39m0[0m[37m.[39m[39mvalue[0m
		[39mbar1[0m[37m:[0m [31m->[0m [39m[39minput[0m[37m.[39m[39mmap[0m[37m[[0m[39m1[37m.[39mvalue[37m][0m
		[39mbar2[0m[37m:[0m [31m->[0m [39m[39minput[0m[37m.[39m[39mmap[0m[37m.[39m[39m0.value[0m
	[37m}[0m
[37m}[0m