[39minput[0m[38;5;237m:[0m [38;5;237m{[0m
	[39mset[0m[38;5;237m:[0m [1mSet[0m [38;5;237m{[0m
		0 [38;5;237m=>[0m [38;5;237m{[0m
			[39mb[0m[38;5;237m:[0m [38;5;22m"[38;5;10mc[38;5;22m"[0m
		[38;5;237m}[0m
		1 [38;5;237m=>[0m [38;5;237m{[0m
			[39mbar[0m[38;5;237m:[0m [38;5;22m"[38;5;10mBaz[38;5;22m"[0m
		[38;5;237m}[0m
		
		[39m1[0m[38;5;237m:[0m [38;5;237m{[0m
			[39mnah[0m[38;5;237m:[0m [38;5;22m"[38;5;10mNope[38;5;22m"[0m
		[38;5;237m}[0m
		[39mfoo[0m[38;5;237m:[0m [38;5;9m->[0m [39m[39minput[0m[38;5;237m.[39m[39mset[0m[38;5;237m[[0m[39m1[38;5;237m][0m
		[39mbar[0m[38;5;237m:[0m [38;5;9m->[0m [39m[39minput[0m[38;5;237m.[39m[39mset[0m[38;5;237m.[39m[39m1[0m
	[38;5;237m}[0m
	[39mmap[0m[38;5;237m:[0m [1mMap[0m [38;5;237m{[0m
		[39m0[38;5;237m.[39mkey [38;5;237m=>[0m [38;5;22m"[38;5;10mA[38;5;22m"[0m
		[39m0[38;5;237m.[39mvalue [38;5;237m=>[0m [38;5;237m{[0m[38;5;237m}[0m
		
		[39m1[38;5;237m.[39mkey [38;5;237m=>[0m [38;5;22m"[38;5;10mB[38;5;22m"[0m
		[39m1[38;5;237m.[39mvalue [38;5;237m=>[0m [38;5;237m{[0m[38;5;237m}[0m
		
		[39m0[0m[38;5;237m:[0m [38;5;237m{[0m
			[39mvalue[0m[38;5;237m:[0m [38;5;237m{[0m
				[39mabc[0m[38;5;237m:[0m [38;5;22m"[38;5;10mXYZ[38;5;22m"[0m
			[38;5;237m}[0m
		[38;5;237m}[0m
		[39m0.value[0m[38;5;237m:[0m [38;5;237m{[0m
			[39mvalue[0m[38;5;237m:[0m [38;5;237m{[0m[38;5;237m}[0m
		[38;5;237m}[0m
		[39mfoo1[0m[38;5;237m:[0m [38;5;9m->[0m [39m[39minput[0m[38;5;237m.[39m[39mmap[0m[38;5;237m[[0m[39m0[38;5;237m.[39mvalue[38;5;237m][0m
		[39mfoo2[0m[38;5;237m:[0m [38;5;9m->[0m [39m[39minput[0m[38;5;237m.[39m[39mmap[0m[38;5;237m.[39m[39m0[0m[38;5;237m.[39m[39mvalue[0m
		[39mbar1[0m[38;5;237m:[0m [38;5;9m->[0m [39m[39minput[0m[38;5;237m.[39m[39mmap[0m[38;5;237m[[0m[39m1[38;5;237m.[39mvalue[38;5;237m][0m
		[39mbar2[0m[38;5;237m:[0m [38;5;9m->[0m [39m[39minput[0m[38;5;237m.[39m[39mmap[0m[38;5;237m.[39m[39m0.value[0m
	[38;5;237m}[0m
[38;5;237m}[0m