[38;5;22m"[38;5;10mFoo Bar [38;5;28m\n[38;5;10m Baz [38;5;28m\t[38;5;10m [38;5;28m\v[38;5;10m Qux[38;5;22m"[0m