[32m"[32mFoo Bar [32m\n[32m Baz [32m\t[32m [32m\v[32m Qux[32m"[0m